// Jest Snapshot v1, https://goo.gl/fbAQLP

exports[`Testing snapshop <RenderInput/> App have rendered correctly 1`] = `ShallowWrapper {}`;
